Несуществующий логин
Ошибка: неверный пароль
Несуществующий логин
Несуществующий логин
Несуществующий логин
Ошибка: неверный пароль
Ошибка: неверный пароль
Несуществующий логин
